// Jest Snapshot v1, https://goo.gl/fbAQLP

exports[`Slot constructor resolved value type 1`] = `
Definition {
  "config": {},
}
`;
