// Jest Snapshot v1, https://goo.gl/fbAQLP

exports[`Font constructor returns correct definition 1`] = `
FontDefinition {
  "config": {},
}
`;
