// Jest Snapshot v1, https://goo.gl/fbAQLP

exports[`config serialization {
  arrayOfFunctions: [ [Function (anonymous)] { [length]: 1, [name]: '' }, [length]: 1 ]
} should deserialize serialized functions 1`] = `
{
  "arrayOfFunctions": [
    [Function],
  ],
}
`;

exports[`config serialization {
  arrayOfFunctions: [ [Function (anonymous)] { [length]: 1, [name]: '' }, [length]: 1 ]
} should handle function serialization 1`] = `
{
  "arrayOfFunctions": [
    [MessagePort],
  ],
}
`;

exports[`config serialization {
  getItemLabel: [Function: getItemLabel] { [length]: 1, [name]: 'getItemLabel' }
} should deserialize serialized functions 1`] = `
{
  "getItemLabel": [Function],
}
`;

exports[`config serialization {
  getItemLabel: [Function: getItemLabel] { [length]: 1, [name]: 'getItemLabel' }
} should handle function serialization 1`] = `
{
  "getItemLabel": [MessagePort],
}
`;
