// Jest Snapshot v1, https://goo.gl/fbAQLP

exports[`deserializeControls gracefully deserializes record of serialized controls when invalid config is provided 1`] = `
[
  [Error: Could not deserialize control for "faultyCheckbox": [
  {
    "code": "invalid_type",
    "expected": "boolean",
    "received": "number",
    "path": [
      "config",
      "defaultValue"
    ],
    "message": "Expected boolean, received number"
  }
]],
  [Error: Could not deserialize control for "faultyNumber": [
  {
    "code": "invalid_type",
    "expected": "number",
    "received": "string",
    "path": [
      "config",
      "defaultValue"
    ],
    "message": "Expected number, received string"
  }
]],
]
`;
